aaa
bbb
SSSSSSSSSSSSSSSSS
wwwwwwwwwwww
